../Core/Src/main.c:72:5:main	8	static
../Core/Src/main.c:133:6:SystemClock_Config	88	static
../Core/Src/main.c:179:13:MX_TIM1_Init	32	static
../Core/Src/main.c:225:13:MX_TIM9_Init	24	static
../Core/Src/main.c:263:13:MX_GPIO_Init	40	static
../Core/Src/main.c:293:6:custom_delay_blocking	16	static
../Core/Src/main.c:301:6:custom_delay_nonblocking	16	static
../Core/Src/main.c:309:6:TIM9_IRQHandler	8	static
../Core/Src/main.c:313:6:HAL_TIM_PeriodElapsedCallback	16	static
../Core/Src/main.c:325:6:Error_Handler	4	static,ignoring_inline_asm
